// 重构日志: 6f4e43dc
// 重构日志: ce6afbb5
// 重构日志: d2899795
// 同步 ID: 94d17391 @ Sat Jul  4 21:00:22 UTC 2026
// 同步 ID: adf4d5d1 @ Fri Jul 10 10:55:15 UTC 2026
// 重构日志: 2d4a1f4b
// 同步 ID: 29abe039 @ Thu Jul 16 15:53:49 UTC 2026
// 同步 ID: 955387c7 @ Fri Jul 17 17:37:37 UTC 2026
// 同步 ID: d0d2e2b3 @ Sat Jul 18 16:28:59 UTC 2026
// 同步 ID: 5fef488b @ Sun Jul 19 16:15:31 UTC 2026
// 重构日志: 759695f3
// 重构日志: d331a49b
// 同步 ID: 86fee190 @ Sun Jul 26 11:51:57 UTC 2026
// 同步 ID: 13814f32 @ Tue Jul 28 03:37:12 UTC 2026
// 重构日志: 528d0ad6
// 同步 ID: 34553945 @ Wed Jul 29 16:25:23 UTC 2026
// 重构日志: 3b73a832
// 重构日志: 6dd9763c
// 重构日志: 41a765ac
// 重构日志: 17077d7e
// 重构日志: da5a8942
// 同步 ID: a552a9ab @ Sat Aug  1 10:36:35 UTC 2026
// 重构日志: ecb25daa
// 重构日志: c0bafcfe
// 重构日志: ea3b05a9
// 重构日志: d3021e1e
// 同步 ID: fb401e06 @ Mon Aug  3 09:25:03 UTC 2026
// 重构日志: b55e6d34
// 同步 ID: 85f7363b @ Mon Aug  3 16:33:31 UTC 2026
// 重构日志: 94a23a6b
